------------------------------------------------------------
TimeQuest Timing Analyzer Summary
------------------------------------------------------------

Type  : Slow 1200mV 85C Model Setup 'CLOCK_50'
Slack : -3.268
TNS   : -229.848

Type  : Slow 1200mV 85C Model Hold 'CLOCK_50'
Slack : 0.387
TNS   : 0.000

Type  : Slow 1200mV 85C Model Recovery 'CLOCK_50'
Slack : -0.933
TNS   : -39.020

Type  : Slow 1200mV 85C Model Removal 'CLOCK_50'
Slack : 0.995
TNS   : 0.000

Type  : Slow 1200mV 85C Model Minimum Pulse Width 'CLOCK_50'
Slack : -3.000
TNS   : -149.490

Type  : Slow 1200mV 0C Model Setup 'CLOCK_50'
Slack : -2.922
TNS   : -197.370

Type  : Slow 1200mV 0C Model Hold 'CLOCK_50'
Slack : 0.339
TNS   : 0.000

Type  : Slow 1200mV 0C Model Recovery 'CLOCK_50'
Slack : -0.779
TNS   : -30.477

Type  : Slow 1200mV 0C Model Removal 'CLOCK_50'
Slack : 0.889
TNS   : 0.000

Type  : Slow 1200mV 0C Model Minimum Pulse Width 'CLOCK_50'
Slack : -3.000
TNS   : -149.490

Type  : Fast 1200mV 0C Model Setup 'CLOCK_50'
Slack : -0.992
TNS   : -55.532

Type  : Fast 1200mV 0C Model Hold 'CLOCK_50'
Slack : 0.175
TNS   : 0.000

Type  : Fast 1200mV 0C Model Recovery 'CLOCK_50'
Slack : 0.018
TNS   : 0.000

Type  : Fast 1200mV 0C Model Removal 'CLOCK_50'
Slack : 0.463
TNS   : 0.000

Type  : Fast 1200mV 0C Model Minimum Pulse Width 'CLOCK_50'
Slack : -3.000
TNS   : -124.413

------------------------------------------------------------
